src/App.tsx(115,18): error TS2741: Property 'onConsumedLogin' is missing in type '{ onLogout: () => Promise<void>; justLoggedIn: boolean; session: any; }' but required in type '{ onLogout: any; justLoggedIn: any; onConsumedLogin: any; session: any; }'.
src/components/AddPatientModal.tsx(194,20): error TS2741: Property 'placeholder' is missing in type '{ value: string; onChange: (e: any) => void; disabled: boolean; }' but required in type '{ value: any; onChange: any; disabled: any; placeholder: any; }'.
src/components/EditPatientModal.tsx(248,20): error TS2741: Property 'placeholder' is missing in type '{ value: string; onChange: (e: any) => void; disabled: boolean; }' but required in type '{ value: any; onChange: any; disabled: any; placeholder: any; }'.
src/components/ModalsRoot.tsx(54,8): error TS2741: Property 'onMessage' is missing in type '{ open: any; patient: any; onClose: any; onEdit: any; onDelete: any; onOpenRecord: any; }' but required in type '{ open: any; patient: any; onClose: any; onEdit: any; onDelete: any; onMessage: any; onOpenRecord: any; }'.
