src/components/AddPatientModal.tsx(10,23): error TS7031: Binding element 'error' implicitly has an 'any' type.
src/components/AddPatientModal.tsx(13,19): error TS7006: Parameter 'hasError' implicitly has an 'any' type.
src/components/AddPatientModal.tsx(19,49): error TS7031: Binding element 'openFlag' implicitly has an 'any' type.
src/components/AddPatientModal.tsx(19,59): error TS7031: Binding element 'onClose' implicitly has an 'any' type.
src/components/AddPatientModal.tsx(19,68): error TS7031: Binding element 'onCreate' implicitly has an 'any' type.
src/components/AddPatientModal.tsx(47,29): error TS7006: Parameter 'e' implicitly has an 'any' type.
src/components/AddPatientModal.tsx(49,33): error TS2339: Property 'focus' does not exist on type 'never'.
src/components/AddPatientModal.tsx(53,58): error TS2339: Property 'value' does not exist on type 'never'.
src/components/AddPatientModal.tsx(55,33): error TS2339: Property 'focus' does not exist on type 'never'.
src/components/AddPatientModal.tsx(67,27): error TS7006: Parameter 'validData' implicitly has an 'any' type.
src/components/AddPatientModal.tsx(196,21): error TS2322: Type 'string | null | undefined' is not assignable to type 'string'.
  Type 'undefined' is not assignable to type 'string'.
src/components/AddPatientModal.tsx(263,58): error TS2339: Property 'click' does not exist on type 'never'.
src/components/AddPatientModal.tsx(280,64): error TS2339: Property 'name' does not exist on type 'never'.
src/components/BookingModal.tsx(5,40): error TS7031: Binding element 'open' implicitly has an 'any' type.
src/components/BookingModal.tsx(5,46): error TS7031: Binding element 'onClose' implicitly has an 'any' type.
src/components/BookingModal.tsx(5,55): error TS7031: Binding element 'onSuccess' implicitly has an 'any' type.
src/components/EditPatientModal.tsx(10,23): error TS7031: Binding element 'error' implicitly has an 'any' type.
src/components/EditPatientModal.tsx(13,19): error TS7006: Parameter 'hasError' implicitly has an 'any' type.
src/components/EditPatientModal.tsx(20,18): error TS7006: Parameter 'val' implicitly has an 'any' type.
src/components/EditPatientModal.tsx(22,44): error TS7031: Binding element 'open' implicitly has an 'any' type.
src/components/EditPatientModal.tsx(22,50): error TS7031: Binding element 'patient' implicitly has an 'any' type.
src/components/EditPatientModal.tsx(22,59): error TS7031: Binding element 'onClose' implicitly has an 'any' type.
src/components/EditPatientModal.tsx(22,68): error TS7031: Binding element 'onSaved' implicitly has an 'any' type.
src/components/EditPatientModal.tsx(22,77): error TS7031: Binding element 'onBack' implicitly has an 'any' type.
src/components/EditPatientModal.tsx(75,29): error TS7006: Parameter 'e' implicitly has an 'any' type.
src/components/EditPatientModal.tsx(85,27): error TS7006: Parameter 'validData' implicitly has an 'any' type.
src/components/EditPatientModal.tsx(95,61): error TS2339: Property 'name' does not exist on type 'never'.
src/components/EditPatientModal.tsx(120,27): error TS2339: Property 'name' does not exist on type 'never'.
src/components/EditPatientModal.tsx(249,21): error TS2322: Type 'string | null | undefined' is not assignable to type 'string'.
  Type 'undefined' is not assignable to type 'string'.
src/components/EditTurnoModal.tsx(8,42): error TS7031: Binding element 'open' implicitly has an 'any' type.
src/components/EditTurnoModal.tsx(8,48): error TS7031: Binding element 'turno' implicitly has an 'any' type.
src/components/EditTurnoModal.tsx(8,55): error TS7031: Binding element 'onClose' implicitly has an 'any' type.
src/components/EditTurnoModal.tsx(8,64): error TS7031: Binding element 'onSaved' implicitly has an 'any' type.
src/components/EditTurnoModal.tsx(8,73): error TS7031: Binding element 'onDeleted' implicitly has an 'any' type.
src/components/EditTurnoModal.tsx(8,84): error TS7031: Binding element 'onBack' implicitly has an 'any' type.
src/components/Header.tsx(8,34): error TS7031: Binding element 'title' implicitly has an 'any' type.
src/components/Header.tsx(8,41): error TS7031: Binding element 'setSidebarOpen' implicitly has an 'any' type.
src/components/Header.tsx(8,57): error TS7031: Binding element 'onLogout' implicitly has an 'any' type.
src/components/Header.tsx(91,9): error TS2322: Type 'string | undefined' is not assignable to type 'string'.
  Type 'undefined' is not assignable to type 'string'.
src/components/LoginView.tsx(8,37): error TS7031: Binding element 'onSuccess' implicitly has an 'any' type.
src/components/PatientProfileModal.tsx(8,47): error TS7031: Binding element 'open' implicitly has an 'any' type.
src/components/PatientProfileModal.tsx(8,53): error TS7031: Binding element 'patient' implicitly has an 'any' type.
src/components/PatientProfileModal.tsx(8,62): error TS7031: Binding element 'onClose' implicitly has an 'any' type.
src/components/PatientProfileModal.tsx(8,71): error TS7031: Binding element 'onEdit' implicitly has an 'any' type.
src/components/PatientProfileModal.tsx(8,79): error TS7031: Binding element 'onDelete' implicitly has an 'any' type.
src/components/PatientProfileModal.tsx(8,89): error TS7031: Binding element 'onMessage' implicitly has an 'any' type.
src/components/PatientProfileModal.tsx(8,100): error TS7031: Binding element 'onOpenRecord' implicitly has an 'any' type.
src/components/PatientProfileModal.tsx(22,20): error TS7006: Parameter 'e' implicitly has an 'any' type.
src/components/PatientProfileModal.tsx(39,21): error TS7006: Parameter 'p' implicitly has an 'any' type.
src/components/PatientProfileModal.tsx(39,24): error TS7006: Parameter 'fieldNames' implicitly has an 'any' type.
src/components/PatientProfileModal.tsx(62,27): error TS7006: Parameter 'estado' implicitly has an 'any' type.
src/components/PatientProfileModal.tsx(91,28): error TS7031: Binding element 'Icon' implicitly has an 'any' type.
src/components/PatientProfileModal.tsx(91,34): error TS7031: Binding element 'label' implicitly has an 'any' type.
src/components/PatientProfileModal.tsx(91,41): error TS7031: Binding element 'value' implicitly has an 'any' type.
src/components/PatientTable.tsx(19,69): error TS2339: Property 'id' does not exist on type 'never'.
src/components/PatientTable.tsx(147,89): error TS2339: Property 'nombre' does not exist on type 'never'.
src/components/settings/FaqsTab.tsx(6,20): error TS7031: Binding element 'faq' implicitly has an 'any' type.
src/components/settings/FaqsTab.tsx(6,25): error TS7031: Binding element 'onUpdate' implicitly has an 'any' type.
src/components/settings/FaqsTab.tsx(6,35): error TS7031: Binding element 'onDelete' implicitly has an 'any' type.
src/components/settings/FaqsTab.tsx(71,35): error TS7031: Binding element 'tenant' implicitly has an 'any' type.
src/components/settings/FaqsTab.tsx(71,43): error TS7031: Binding element 'faqs' implicitly has an 'any' type.
src/components/settings/FaqsTab.tsx(71,49): error TS7031: Binding element 'setFaqs' implicitly has an 'any' type.
src/components/settings/FaqsTab.tsx(91,21): error TS7006: Parameter 'prev' implicitly has an 'any' type.
src/components/settings/FaqsTab.tsx(101,36): error TS7006: Parameter 'faqId' implicitly has an 'any' type.
src/components/settings/FaqsTab.tsx(101,43): error TS7006: Parameter 'updates' implicitly has an 'any' type.
src/components/settings/FaqsTab.tsx(105,21): error TS7006: Parameter 'prev' implicitly has an 'any' type.
src/components/settings/FaqsTab.tsx(105,38): error TS7006: Parameter 'f' implicitly has an 'any' type.
src/components/settings/FaqsTab.tsx(112,36): error TS7006: Parameter 'id' implicitly has an 'any' type.
src/components/settings/FaqsTab.tsx(116,21): error TS7006: Parameter 'prev' implicitly has an 'any' type.
src/components/settings/FaqsTab.tsx(116,41): error TS7006: Parameter 'f' implicitly has an 'any' type.
src/components/settings/FaqsTab.tsx(151,27): error TS7006: Parameter 'faq' implicitly has an 'any' type.
src/components/settings/InsurancesTab.tsx(4,41): error TS7031: Binding element 'profile' implicitly has an 'any' type.
src/components/settings/InsurancesTab.tsx(4,50): error TS7031: Binding element 'handleProfileChange' implicitly has an 'any' type.
src/components/settings/InsurancesTab.tsx(4,71): error TS7031: Binding element 'handleAutoSaveProfile' implicitly has an 'any' type.
src/components/settings/InsurancesTab.tsx(15,33): error TS7006: Parameter 'index' implicitly has an 'any' type.
src/components/settings/InsurancesTab.tsx(16,67): error TS7006: Parameter '_' implicitly has an 'any' type.
src/components/settings/InsurancesTab.tsx(16,70): error TS7006: Parameter 'idx' implicitly has an 'any' type.
src/components/settings/InsurancesTab.tsx(27,59): error TS7006: Parameter 'ins' implicitly has an 'any' type.
src/components/settings/InsurancesTab.tsx(27,64): error TS7006: Parameter 'i' implicitly has an 'any' type.
src/components/settings/ProfileTab.tsx(23,34): error TS2322: Type 'string | null' is not assignable to type 'string | undefined'.
  Type 'null' is not assignable to type 'string | undefined'.
src/components/settings/ServicesTab.tsx(4,39): error TS7031: Binding element 'profile' implicitly has an 'any' type.
src/components/settings/ServicesTab.tsx(4,48): error TS7031: Binding element 'handleProfileChange' implicitly has an 'any' type.
src/components/settings/ServicesTab.tsx(4,69): error TS7031: Binding element 'handleAutoSaveProfile' implicitly has an 'any' type.
src/components/settings/ServicesTab.tsx(18,33): error TS7006: Parameter 'index' implicitly has an 'any' type.
src/components/settings/ServicesTab.tsx(19,54): error TS7006: Parameter '_' implicitly has an 'any' type.
src/components/settings/ServicesTab.tsx(19,57): error TS7006: Parameter 'idx' implicitly has an 'any' type.
src/components/settings/ServicesTab.tsx(32,48): error TS7006: Parameter 'service' implicitly has an 'any' type.
src/components/settings/ServicesTab.tsx(32,57): error TS7006: Parameter 'i' implicitly has an 'any' type.
src/components/SettingsView.tsx(18,24): error TS2345: Argument of type 'Session | null' is not assignable to parameter of type 'SetStateAction<null>'.
  Type 'Session' is not assignable to type 'SetStateAction<null>'.
    Type 'Session' provides no match for the signature '(prevState: null): null'.
src/components/Sidebar.tsx(6,35): error TS7031: Binding element 'sidebarOpen' implicitly has an 'any' type.
src/components/Sidebar.tsx(6,48): error TS7031: Binding element 'setSidebarOpen' implicitly has an 'any' type.
src/components/Sidebar.tsx(6,64): error TS7031: Binding element 'onLogout' implicitly has an 'any' type.
src/components/StatsCard.tsx(3,37): error TS7031: Binding element 'title' implicitly has an 'any' type.
src/components/StatsCard.tsx(3,44): error TS7031: Binding element 'value' implicitly has an 'any' type.
src/components/StatsCard.tsx(3,51): error TS7031: Binding element 'color' implicitly has an 'any' type.
src/components/TurnoDetailsModal.tsx(5,45): error TS7031: Binding element 'open' implicitly has an 'any' type.
src/components/TurnoDetailsModal.tsx(5,51): error TS7031: Binding element 'turno' implicitly has an 'any' type.
src/components/TurnoDetailsModal.tsx(5,58): error TS7031: Binding element 'onClose' implicitly has an 'any' type.
src/components/TurnoDetailsModal.tsx(5,67): error TS7031: Binding element 'onEdit' implicitly has an 'any' type.
src/components/TurnoDetailsModal.tsx(5,75): error TS7031: Binding element 'onDelete' implicitly has an 'any' type.
src/components/TurnoDetailsModal.tsx(13,27): error TS7006: Parameter 'dateTimeStr' implicitly has an 'any' type.
src/components/TurnoDetailsModal.tsx(92,22): error TS2345: Argument of type 'Patient | null' is not assignable to parameter of type 'SetStateAction<null>'.
  Type 'Patient' is not assignable to type 'SetStateAction<null>'.
    Type 'Patient' provides no match for the signature '(prevState: null): null'.
src/components/TurnoDetailsModal.tsx(111,19): error TS7006: Parameter 'v' implicitly has an 'any' type.
src/components/TurnoDetailsModal.tsx(114,18): error TS2339: Property 'nombre' does not exist on type 'never'.
src/components/TurnoDetailsModal.tsx(115,18): error TS2339: Property 'name' does not exist on type 'never'.
src/components/TurnoDetailsModal.tsx(120,28): error TS2339: Property 'telefono' does not exist on type 'never'.
src/components/TurnoDetailsModal.tsx(120,49): error TS2339: Property 'phone' does not exist on type 'never'.
src/components/TurnoDetailsModal.tsx(121,28): error TS2339: Property 'email' does not exist on type 'never'.
src/components/TurnoDetailsModal.tsx(123,33): error TS2339: Property 'obraSocial' does not exist on type 'never'.
src/components/TurnoDetailsModal.tsx(123,56): error TS2339: Property 'insurance' does not exist on type 'never'.
src/components/TurnoDetailsModal.tsx(124,37): error TS2339: Property 'numeroAfiliado' does not exist on type 'never'.
src/components/TurnoDetailsModal.tsx(124,64): error TS2339: Property 'affiliateNumber' does not exist on type 'never'.
src/components/TurnoDetailsModal.tsx(125,31): error TS2339: Property 'alergias' does not exist on type 'never'.
src/components/TurnoDetailsModal.tsx(125,52): error TS2339: Property 'allergies' does not exist on type 'never'.
src/components/TurnoDetailsModal.tsx(126,35): error TS2339: Property 'antecedentes' does not exist on type 'never'.
src/components/TurnoDetailsModal.tsx(126,60): error TS2339: Property 'background' does not exist on type 'never'.
src/hooks/useModals.tsx(48,38): error TS7006: Parameter 'patient' implicitly has an 'any' type.
src/hooks/useModals.tsx(53,42): error TS7006: Parameter 'patient' implicitly has an 'any' type.
src/hooks/useModals.tsx(65,37): error TS7006: Parameter 'p' implicitly has an 'any' type.
src/hooks/useModals.tsx(73,50): error TS7006: Parameter 'patientData' implicitly has an 'any' type.
src/hooks/useModals.tsx(78,14): error TS7006: Parameter 'p' implicitly has an 'any' type.
src/hooks/useModals.tsx(101,36): error TS7006: Parameter 'turno' implicitly has an 'any' type.
src/hooks/useModals.tsx(106,47): error TS7006: Parameter 'turno' implicitly has an 'any' type.
src/hooks/useModals.tsx(135,39): error TS7006: Parameter 'deletedTurno' implicitly has an 'any' type.
src/hooks/useModals.tsx(142,55): error TS7006: Parameter 'turno' implicitly has an 'any' type.
src/hooks/useModals.tsx(154,45): error TS7006: Parameter 'updatedPatientData' implicitly has an 'any' type.
src/hooks/useModals.tsx(167,47): error TS7006: Parameter 'patientData' implicitly has an 'any' type.
src/hooks/useModals.tsx(185,53): error TS2339: Property 'id' does not exist on type 'never'.
src/hooks/useModals.tsx(185,75): error TS2339: Property '_id' does not exist on type 'never'.
src/hooks/useModals.tsx(188,45): error TS2700: Rest types may only be created from object types.
src/hooks/useModals.tsx(191,74): error TS2339: Property 'historiaUrl' does not exist on type 'never'.
src/hooks/useModals.tsx(200,38): error TS2339: Property 'id' does not exist on type 'never'.
src/hooks/useModals.tsx(200,58): error TS2339: Property 'eventId' does not exist on type 'never'.
src/hooks/useModals.tsx(200,83): error TS2339: Property '_id' does not exist on type 'never'.
src/hooks/useNormalizedPatients.ts(4,25): error TS7006: Parameter 'raw' implicitly has an 'any' type.
src/hooks/useNormalizedPatients.ts(27,39): error TS7006: Parameter 'patients' implicitly has an 'any' type.
src/hooks/useNormalizedPatients.ts(31,23): error TS7006: Parameter 'obj' implicitly has an 'any' type.
src/hooks/useNormalizedPatients.ts(31,28): error TS7006: Parameter 'fieldNames' implicitly has an 'any' type.
src/index.tsx(6,34): error TS2345: Argument of type 'HTMLElement | null' is not assignable to parameter of type 'Container'.
  Type 'null' is not assignable to type 'Container'.
src/services/AppointmentService.ts(129,35): error TS2538: Type 'undefined' cannot be used as an index type.
src/services/EvolutionService.ts(4,22): error TS7006: Parameter 'patientId' implicitly has an 'any' type.
src/services/EvolutionService.ts(18,22): error TS7031: Binding element 'patient_id' implicitly has an 'any' type.
src/services/EvolutionService.ts(18,34): error TS7031: Binding element 'tooth_number' implicitly has an 'any' type.
src/services/EvolutionService.ts(18,48): error TS7031: Binding element 'procedure_type' implicitly has an 'any' type.
src/services/EvolutionService.ts(18,64): error TS7031: Binding element 'description' implicitly has an 'any' type.
src/services/EvolutionService.ts(37,23): error TS7006: Parameter 'id' implicitly has an 'any' type.
src/services/EvolutionService.ts(49,23): error TS7006: Parameter 'id' implicitly has an 'any' type.
src/services/EvolutionService.ts(49,29): error TS7031: Binding element 'tooth_number' implicitly has an 'any' type.
src/services/EvolutionService.ts(49,43): error TS7031: Binding element 'procedure_type' implicitly has an 'any' type.
src/services/EvolutionService.ts(49,59): error TS7031: Binding element 'description' implicitly has an 'any' type.
src/services/GoogleCalendarService.ts(4,5): error TS7034: Variable 'cachedToken' implicitly has type 'any' in some locations where its type cannot be determined.
src/services/GoogleCalendarService.ts(11,29): error TS7006: Parameter 'session' implicitly has an 'any' type.
src/services/GoogleCalendarService.ts(12,13): error TS7005: Variable 'cachedToken' implicitly has an 'any' type.
src/services/GoogleCalendarService.ts(19,28): error TS7006: Parameter 'session' implicitly has an 'any' type.
src/services/GoogleCalendarService.ts(26,37): error TS7006: Parameter 'session' implicitly has an 'any' type.
src/services/PatientService.ts(28,5): error TS2322: Type 'string | null' is not assignable to type 'string | undefined'.
  Type 'null' is not assignable to type 'string | undefined'.
src/services/PatientService.ts(184,9): error TS2783: 'patient_id' is specified more than once, so this usage will be overwritten.
src/services/PatientService.ts(185,9): error TS2783: 'user_id' is specified more than once, so this usage will be overwritten.
src/services/PatientService.ts(414,18): error TS7006: Parameter 'val' implicitly has an 'any' type.
src/utils/helpers.ts(5,21): error TS7019: Rest parameter 'a' implicitly has an 'any[]' type.
src/utils/helpers.ts(14,38): error TS7006: Parameter 'dateStr' implicitly has an 'any' type.
src/utils/helpers.ts(14,47): error TS7006: Parameter 'timeStr' implicitly has an 'any' type.
